// Jest Snapshot v1, https://goo.gl/fbAQLP

exports[`renders the home component correctly 1`] = `
<div>
  <body
    class="homeAll"
  >
    <ul
      class="homeList"
    >
      <li
        class="category"
      >
        <a
          href="/Cakes"
        >
          <img
            alt="cakeshome.jpg"
            src="cakeshome.jpg"
          />
        </a>
      </li>
      <li
        class="category"
      >
        <a
          href="/WeddingCakes"
        >
          <img
            alt="Weddinghome.jpg"
            src="Weddinghome.jpg"
          />
        </a>
      </li>
      <li
        class="category"
      >
        <a
          href="/BirthdayCakes"
        >
          <img
            alt="Birthday.jpg"
            src="Birthday.jpg"
          />
        </a>
      </li>
      <li
        class="category"
      >
        <a
          href="/Cupcakes"
        >
          <img
            alt="Cupcakes.jpg"
            src="Cupcakes.jpg"
          />
        </a>
      </li>
      <li
        class="category"
      >
        <a
          href="/Cupcakes"
        >
          <img
            alt="cookies.jpg"
            src="cookies.jpg"
          />
        </a>
      </li>
      <li
        class="category"
      >
        <a
          href="/GlutenFreeCakes"
        >
          <img
            alt="glutenfree.png"
            src="glutenfree.png"
          />
        </a>
      </li>
    </ul>
  </body>
</div>
`;
