// Jest Snapshot v1, https://goo.gl/fbAQLP

exports[`renders the CakeDetails component correctly 1`] = `
<div>
  <div>
    <div>
      <h3
        class="titleDetails"
      >
        Cake Details
      </h3>
    </div>
    <div
      class="cakeDetails"
    >
       Summary: 
      Sour cream coffee cake is hand made with real sour cream and butter, crunchy walnuts and a sprinkle of cinnamon for rich, fragrant flavor. Serve it for brunch or dessert with a hot cup of coffee or tea for a delightful treat.
      <br />
    </div>
    <div
      class="cakeDetails"
    >
      Ingredients: 
      Granulated sugar, white rice flour, butter, sour cream, walnuts, eggs, powdered sugar, potato starch, brown sugar, tapioca flour, milk, vanilla, nonfat milk powder, baking powder, cinnamon, guar gum, salt, baking soda.
      <br />
    </div>
  </div>
</div>
`;
